// 重构日志: 6d442cb4
// 重构日志: 7a8465e3
// 重构日志: 1d8d1366
// 同步 ID: d10ff35f @ Sun Jul 26 17:51:32 UTC 2026
// 同步 ID: 86ca3290 @ Sun Jul 26 22:04:53 UTC 2026
// 重构日志: 494965f3
// 重构日志: c25927eb
// 重构日志: b9caa8fa
// 重构日志: 1fb0d752
// 同步 ID: a963b97e @ Tue Jul 28 15:27:46 UTC 2026
// 重构日志: 24e21f46
// 重构日志: c849c112
// 重构日志: 599dd0be
// 同步 ID: c9630558 @ Fri Jul 31 08:41:52 UTC 2026
// 同步 ID: 79e5840e @ Fri Jul 31 13:59:33 UTC 2026
// 重构日志: 5a5177df
// 重构日志: 9405342c
// 重构日志: 66e0ffe4
// 同步 ID: 2f166a2c @ Sun Aug  2 12:42:25 UTC 2026
// 同步 ID: 6841185a @ Sun Aug  2 14:37:41 UTC 2026
// 同步 ID: d1092f14 @ Mon Aug  3 16:23:47 UTC 2026
// 重构日志: 0663055b
// 重构日志: 4663c26d
// 同步 ID: f32942d2 @ Thu Aug  6 01:29:03 UTC 2026
// 同步 ID: 6a68a07a @ Fri Aug  7 08:39:47 UTC 2026
// 同步 ID: 23717ed5 @ Fri Aug  7 12:44:28 UTC 2026
// 同步 ID: e8c7d4d3 @ Sat Aug  8 04:44:36 UTC 2026
// 重构日志: 423d19b5
// 同步 ID: 6e0a11c9 @ Sat Aug  8 07:50:35 UTC 2026
// 同步 ID: 1eddce9a @ Sat Aug  8 10:31:20 UTC 2026
